// Jest Snapshot v1, https://goo.gl/fbAQLP

exports[`PieChart matches the Snapshot 1`] = `
ShallowWrapper {
  "length": 1,
  Symbol(enzyme.__root__): [Circular],
  Symbol(enzyme.__unrendered__): <PieChart
    updateImpactPercent={[Function]}
/>,
  Symbol(enzyme.__renderer__): Object {
    "batchedUpdates": [Function],
    "getNode": [Function],
    "render": [Function],
    "simulateEvent": [Function],
    "unmount": [Function],
  },
  Symbol(enzyme.__node__): Object {
    "instance": null,
    "key": undefined,
    "nodeType": "host",
    "props": Object {
      "children": Array [
        <div
          className="progress-pie-chart "
          data-percent={10}
>
          <div
                    className="ppc-progress"
          >
                    <div
                              className="ppc-progress-fill"
                              style={
                                        Object {
                                                  "transform": "rotate(36deg)",
                                                }
                              }
                    />
          </div>
          <div
                    className="ppc-percents"
          >
                    <div
                              className="pcc-percents-wrapper"
                    >
                              <span>
                                        10
                                        %
                              </span>
                    </div>
          </div>
</div>,
        <div>
          <label>
                    Enter a Percentage
          </label>
          <input
                    max="100"
                    min="0"
                    name="percent"
                    onChange={[Function]}
                    placeholder="Percent"
                    step="5"
                    type="number"
                    value={10}
          />
</div>,
      ],
      "className": "pie-chart-cont",
    },
    "ref": null,
    "rendered": Array [
      Object {
        "instance": null,
        "key": undefined,
        "nodeType": "host",
        "props": Object {
          "children": Array [
            <div
              className="ppc-progress"
>
              <div
                            className="ppc-progress-fill"
                            style={
                                          Object {
                                                        "transform": "rotate(36deg)",
                                                      }
                            }
              />
</div>,
            <div
              className="ppc-percents"
>
              <div
                            className="pcc-percents-wrapper"
              >
                            <span>
                                          10
                                          %
                            </span>
              </div>
</div>,
          ],
          "className": "progress-pie-chart ",
          "data-percent": 10,
        },
        "ref": null,
        "rendered": Array [
          Object {
            "instance": null,
            "key": undefined,
            "nodeType": "host",
            "props": Object {
              "children": <div
                className="ppc-progress-fill"
                style={
                                Object {
                                                "transform": "rotate(36deg)",
                                              }
                }
/>,
              "className": "ppc-progress",
            },
            "ref": null,
            "rendered": Object {
              "instance": null,
              "key": undefined,
              "nodeType": "host",
              "props": Object {
                "className": "ppc-progress-fill",
                "style": Object {
                  "transform": "rotate(36deg)",
                },
              },
              "ref": null,
              "rendered": null,
              "type": "div",
            },
            "type": "div",
          },
          Object {
            "instance": null,
            "key": undefined,
            "nodeType": "host",
            "props": Object {
              "children": <div
                className="pcc-percents-wrapper"
>
                <span>
                                10
                                %
                </span>
</div>,
              "className": "ppc-percents",
            },
            "ref": null,
            "rendered": Object {
              "instance": null,
              "key": undefined,
              "nodeType": "host",
              "props": Object {
                "children": <span>
                  10
                  %
</span>,
                "className": "pcc-percents-wrapper",
              },
              "ref": null,
              "rendered": Object {
                "instance": null,
                "key": undefined,
                "nodeType": "host",
                "props": Object {
                  "children": Array [
                    10,
                    "%",
                  ],
                },
                "ref": null,
                "rendered": Array [
                  10,
                  "%",
                ],
                "type": "span",
              },
              "type": "div",
            },
            "type": "div",
          },
        ],
        "type": "div",
      },
      Object {
        "instance": null,
        "key": undefined,
        "nodeType": "host",
        "props": Object {
          "children": Array [
            <label>
              Enter a Percentage
</label>,
            <input
              max="100"
              min="0"
              name="percent"
              onChange={[Function]}
              placeholder="Percent"
              step="5"
              type="number"
              value={10}
/>,
          ],
        },
        "ref": null,
        "rendered": Array [
          Object {
            "instance": null,
            "key": undefined,
            "nodeType": "host",
            "props": Object {
              "children": "Enter a Percentage",
            },
            "ref": null,
            "rendered": "Enter a Percentage",
            "type": "label",
          },
          Object {
            "instance": null,
            "key": undefined,
            "nodeType": "host",
            "props": Object {
              "max": "100",
              "min": "0",
              "name": "percent",
              "onChange": [Function],
              "placeholder": "Percent",
              "step": "5",
              "type": "number",
              "value": 10,
            },
            "ref": null,
            "rendered": null,
            "type": "input",
          },
        ],
        "type": "div",
      },
    ],
    "type": "div",
  },
  Symbol(enzyme.__nodes__): Array [
    Object {
      "instance": null,
      "key": undefined,
      "nodeType": "host",
      "props": Object {
        "children": Array [
          <div
            className="progress-pie-chart "
            data-percent={10}
>
            <div
                        className="ppc-progress"
            >
                        <div
                                    className="ppc-progress-fill"
                                    style={
                                                Object {
                                                            "transform": "rotate(36deg)",
                                                          }
                                    }
                        />
            </div>
            <div
                        className="ppc-percents"
            >
                        <div
                                    className="pcc-percents-wrapper"
                        >
                                    <span>
                                                10
                                                %
                                    </span>
                        </div>
            </div>
</div>,
          <div>
            <label>
                        Enter a Percentage
            </label>
            <input
                        max="100"
                        min="0"
                        name="percent"
                        onChange={[Function]}
                        placeholder="Percent"
                        step="5"
                        type="number"
                        value={10}
            />
</div>,
        ],
        "className": "pie-chart-cont",
      },
      "ref": null,
      "rendered": Array [
        Object {
          "instance": null,
          "key": undefined,
          "nodeType": "host",
          "props": Object {
            "children": Array [
              <div
                className="ppc-progress"
>
                <div
                                className="ppc-progress-fill"
                                style={
                                                Object {
                                                                "transform": "rotate(36deg)",
                                                              }
                                }
                />
</div>,
              <div
                className="ppc-percents"
>
                <div
                                className="pcc-percents-wrapper"
                >
                                <span>
                                                10
                                                %
                                </span>
                </div>
</div>,
            ],
            "className": "progress-pie-chart ",
            "data-percent": 10,
          },
          "ref": null,
          "rendered": Array [
            Object {
              "instance": null,
              "key": undefined,
              "nodeType": "host",
              "props": Object {
                "children": <div
                  className="ppc-progress-fill"
                  style={
                                    Object {
                                                      "transform": "rotate(36deg)",
                                                    }
                  }
/>,
                "className": "ppc-progress",
              },
              "ref": null,
              "rendered": Object {
                "instance": null,
                "key": undefined,
                "nodeType": "host",
                "props": Object {
                  "className": "ppc-progress-fill",
                  "style": Object {
                    "transform": "rotate(36deg)",
                  },
                },
                "ref": null,
                "rendered": null,
                "type": "div",
              },
              "type": "div",
            },
            Object {
              "instance": null,
              "key": undefined,
              "nodeType": "host",
              "props": Object {
                "children": <div
                  className="pcc-percents-wrapper"
>
                  <span>
                                    10
                                    %
                  </span>
</div>,
                "className": "ppc-percents",
              },
              "ref": null,
              "rendered": Object {
                "instance": null,
                "key": undefined,
                "nodeType": "host",
                "props": Object {
                  "children": <span>
                    10
                    %
</span>,
                  "className": "pcc-percents-wrapper",
                },
                "ref": null,
                "rendered": Object {
                  "instance": null,
                  "key": undefined,
                  "nodeType": "host",
                  "props": Object {
                    "children": Array [
                      10,
                      "%",
                    ],
                  },
                  "ref": null,
                  "rendered": Array [
                    10,
                    "%",
                  ],
                  "type": "span",
                },
                "type": "div",
              },
              "type": "div",
            },
          ],
          "type": "div",
        },
        Object {
          "instance": null,
          "key": undefined,
          "nodeType": "host",
          "props": Object {
            "children": Array [
              <label>
                Enter a Percentage
</label>,
              <input
                max="100"
                min="0"
                name="percent"
                onChange={[Function]}
                placeholder="Percent"
                step="5"
                type="number"
                value={10}
/>,
            ],
          },
          "ref": null,
          "rendered": Array [
            Object {
              "instance": null,
              "key": undefined,
              "nodeType": "host",
              "props": Object {
                "children": "Enter a Percentage",
              },
              "ref": null,
              "rendered": "Enter a Percentage",
              "type": "label",
            },
            Object {
              "instance": null,
              "key": undefined,
              "nodeType": "host",
              "props": Object {
                "max": "100",
                "min": "0",
                "name": "percent",
                "onChange": [Function],
                "placeholder": "Percent",
                "step": "5",
                "type": "number",
                "value": 10,
              },
              "ref": null,
              "rendered": null,
              "type": "input",
            },
          ],
          "type": "div",
        },
      ],
      "type": "div",
    },
  ],
  Symbol(enzyme.__options__): Object {
    "adapter": ReactSixteenAdapter {
      "options": Object {
        "enableComponentDidUpdateOnSetState": true,
      },
    },
  },
}
`;
